  Geri y├╝klenecek projeler belirleniyor...
  Geri y├╝kleme i├ğin t├╝m projeler g├╝ncel.
C:\BASE\ROBOTWIN-STUDIO\robotwin-studio\CoreSim\src\RobotTwin.CoreSim\Runtime\TelemetryFrame.cs(6,18): error CS0101: 'RobotTwin.CoreSim.Runtime' ad alan─▒ 'TelemetryFrame' i├ğin zaten bir tan─▒m i├ğeriyor [C:\BASE\ROBOTWIN-STUDIO\robotwin-studio\CoreSim\src\RobotTwin.CoreSim\RobotTwin.CoreSim.csproj::TargetFramework=netstandard2.1]
C:\BASE\ROBOTWIN-STUDIO\robotwin-studio\CoreSim\src\RobotTwin.CoreSim\Runtime\TelemetryFrame.cs(6,18): error CS0101: 'RobotTwin.CoreSim.Runtime' ad alan─▒ 'TelemetryFrame' i├ğin zaten bir tan─▒m i├ğeriyor [C:\BASE\ROBOTWIN-STUDIO\robotwin-studio\CoreSim\src\RobotTwin.CoreSim\RobotTwin.CoreSim.csproj::TargetFramework=net9.0]

Olu┼şturma BA┼ŞARISIZ OLDU.

C:\BASE\ROBOTWIN-STUDIO\robotwin-studio\CoreSim\src\RobotTwin.CoreSim\Runtime\TelemetryFrame.cs(6,18): error CS0101: 'RobotTwin.CoreSim.Runtime' ad alan─▒ 'TelemetryFrame' i├ğin zaten bir tan─▒m i├ğeriyor [C:\BASE\ROBOTWIN-STUDIO\robotwin-studio\CoreSim\src\RobotTwin.CoreSim\RobotTwin.CoreSim.csproj::TargetFramework=netstandard2.1]
C:\BASE\ROBOTWIN-STUDIO\robotwin-studio\CoreSim\src\RobotTwin.CoreSim\Runtime\TelemetryFrame.cs(6,18): error CS0101: 'RobotTwin.CoreSim.Runtime' ad alan─▒ 'TelemetryFrame' i├ğin zaten bir tan─▒m i├ğeriyor [C:\BASE\ROBOTWIN-STUDIO\robotwin-studio\CoreSim\src\RobotTwin.CoreSim\RobotTwin.CoreSim.csproj::TargetFramework=net9.0]
    0 Uyar─▒
    2 Hata

Ge├ğen S├╝re 00:00:01.52

─░┼ş y├╝k├╝ g├╝ncelle┼ştirmeleri var. Daha fazla bilgi i├ğin `dotnet workload list` ├ğal─▒┼şt─▒r─▒n.
